stm32wbxx_ll_rcc.h:1665:22:LL_RCC_LSE_SetDriveCapability	16	static
stm32wbxx_ll_bus.h:340:22:LL_AHB1_GRP1_EnableClock	24	static
stm32wbxx_ll_bus.h:508:22:LL_AHB2_GRP1_EnableClock	24	static
main.c:82:5:main	32	static
main.c:229:6:SystemClock_Config	192	static
main.c:310:13:MX_SPI1_Init	8	static
main.c:350:13:MX_SPI2_Init	8	static
main.c:390:13:MX_USART1_UART_Init	8	static
main.c:438:13:MX_USB_PCD_Init	8	static
main.c:471:13:MX_DMA_Init	8	static
main.c:500:13:MX_GPIO_Init	32	static
main.c:579:6:Error_Handler	4	static
